[2026-09-23 15:56:16] Monitoramento iniciado. Modo: split
[2026-09-23 16:06:18] Monitor desligado ou desconectado
[2026-09-23 16:30:30] Monitor reconectado. Recuperando: split
No monitor named 'FULL'
output list HDMI-A-0
add monitor HDMI-A-0
output name HDMI-A-0
[2026-09-23 16:30:31] Falha na recuperação; nova tentativa em breve
[2026-09-23 16:30:36] Monitor reconectado. Recuperando: split
[2026-09-23 16:30:36] Falha na recuperação; nova tentativa em breve
[2026-09-23 16:30:41] Monitor reconectado. Recuperando: split
No monitor named 'FULL'
output list HDMI-A-0
add monitor HDMI-A-0
output name HDMI-A-0
[2026-09-23 16:30:41] Falha na recuperação; nova tentativa em breve
[2026-09-23 16:30:46] Monitor reconectado. Recuperando: split
[2026-09-23 16:30:47] Falha na recuperação; nova tentativa em breve
[2026-09-23 16:30:52] Monitor reconectado. Recuperando: split
[2026-09-23 16:30:52] Falha na recuperação; nova tentativa em breve
[2026-09-23 16:30:57] Monitor reconectado. Recuperando: split
[2026-09-23 16:30:57] Falha na recuperação; nova tentativa em breve
[2026-09-23 16:31:02] Monitor reconectado. Recuperando: split
[2026-09-23 16:31:02] Falha na recuperação; nova tentativa em breve
[2026-09-23 16:31:07] Monitor reconectado. Recuperando: split
[2026-09-23 16:31:07] Falha na recuperação; nova tentativa em breve
[2026-09-23 16:31:12] Monitor reconectado. Recuperando: split
[2026-09-23 16:31:12] Falha na recuperação; nova tentativa em breve
[2026-09-23 16:31:17] Monitor reconectado. Recuperando: split
[2026-09-23 16:31:17] Falha na recuperação; nova tentativa em breve
[2026-09-23 16:31:22] Monitor reconectado. Recuperando: split
[2026-09-23 16:31:22] Falha na recuperação; nova tentativa em breve
[2026-09-23 16:31:27] Monitor reconectado. Recuperando: split
[2026-09-23 16:31:27] Falha na recuperação; nova tentativa em breve
[2026-09-23 16:31:32] Monitor reconectado. Recuperando: split
[2026-09-23 16:31:33] Falha na recuperação; nova tentativa em breve
[2026-09-23 16:31:38] Monitor reconectado. Recuperando: split
[2026-09-23 16:31:38] Falha na recuperação; nova tentativa em breve
[2026-09-23 16:31:43] Monitor reconectado. Recuperando: split
[2026-09-23 16:31:43] Falha na recuperação; nova tentativa em breve
[2026-09-23 16:31:48] Monitor reconectado. Recuperando: split
[2026-09-23 16:31:48] Falha na recuperação; nova tentativa em breve
[2026-09-23 16:31:53] Monitor reconectado. Recuperando: split
[2026-09-23 16:31:53] Falha na recuperação; nova tentativa em breve
[2026-09-23 16:31:58] Monitor reconectado. Recuperando: split
[2026-09-23 16:31:58] Falha na recuperação; nova tentativa em breve
[2026-09-23 16:32:03] Monitor reconectado. Recuperando: split
[2026-09-23 16:32:03] Falha na recuperação; nova tentativa em breve
[2026-09-23 16:32:08] Monitor reconectado. Recuperando: split
[2026-09-23 16:32:08] Falha na recuperação; nova tentativa em breve
[2026-09-23 16:32:13] Monitor reconectado. Recuperando: split
[2026-09-23 16:32:13] Falha na recuperação; nova tentativa em breve
[2026-09-23 16:32:18] Monitor reconectado. Recuperando: split
[2026-09-23 16:32:18] Falha na recuperação; nova tentativa em breve
[2026-09-23 16:32:24] Monitor reconectado. Recuperando: split
[2026-09-23 16:32:24] Falha na recuperação; nova tentativa em breve
[2026-09-23 16:32:29] Monitor reconectado. Recuperando: split
[2026-09-23 16:32:29] Falha na recuperação; nova tentativa em breve
[2026-09-23 16:32:34] Monitor reconectado. Recuperando: split
[2026-09-23 16:32:34] Falha na recuperação; nova tentativa em breve
[2026-09-23 16:32:39] Monitor reconectado. Recuperando: split
[2026-09-23 16:32:39] Falha na recuperação; nova tentativa em breve
[2026-09-23 16:32:44] Monitor reconectado. Recuperando: split
[2026-09-23 16:32:44] Falha na recuperação; nova tentativa em breve
[2026-09-23 16:32:49] Monitor reconectado. Recuperando: split
[2026-09-23 16:32:49] Falha na recuperação; nova tentativa em breve
[2026-09-23 16:32:54] Monitor reconectado. Recuperando: split
[2026-09-23 16:32:54] Falha na recuperação; nova tentativa em breve
[2026-09-23 16:32:59] Monitor reconectado. Recuperando: split
[2026-09-23 16:32:59] Falha na recuperação; nova tentativa em breve
[2026-09-23 16:33:04] Monitor reconectado. Recuperando: split
[2026-09-23 16:33:05] Falha na recuperação; nova tentativa em breve
[2026-09-23 16:33:10] Monitor reconectado. Recuperando: split
[2026-09-23 16:33:10] Falha na recuperação; nova tentativa em breve
[2026-09-23 16:33:15] Monitor reconectado. Recuperando: split
[2026-09-23 16:33:15] Falha na recuperação; nova tentativa em breve
[2026-09-23 16:33:20] Monitor reconectado. Recuperando: split
[2026-09-23 16:33:20] Falha na recuperação; nova tentativa em breve
[2026-09-23 16:33:25] Monitor reconectado. Recuperando: split
[2026-09-23 16:33:25] Falha na recuperação; nova tentativa em breve
[2026-09-23 16:33:30] Monitor reconectado. Recuperando: split
[2026-09-23 16:33:30] Falha na recuperação; nova tentativa em breve
[2026-09-23 16:33:35] Monitor reconectado. Recuperando: split
[2026-09-23 16:33:35] Falha na recuperação; nova tentativa em breve
[2026-09-23 16:33:40] Monitor reconectado. Recuperando: split
[2026-09-23 16:33:40] Falha na recuperação; nova tentativa em breve
[2026-09-23 16:33:45] Monitor reconectado. Recuperando: split
[2026-09-23 16:33:45] Falha na recuperação; nova tentativa em breve
[2026-09-23 16:33:50] Monitor reconectado. Recuperando: split
[2026-09-23 16:33:51] Falha na recuperação; nova tentativa em breve
[2026-09-23 16:33:56] Monitor reconectado. Recuperando: split
[2026-09-23 16:33:56] Falha na recuperação; nova tentativa em breve
[2026-09-23 16:34:01] Monitor reconectado. Recuperando: split
[2026-09-23 16:34:01] Falha na recuperação; nova tentativa em breve
[2026-09-23 16:34:06] Monitor reconectado. Recuperando: split
[2026-09-23 16:34:06] Falha na recuperação; nova tentativa em breve
[2026-09-23 16:34:11] Monitor reconectado. Recuperando: split
[2026-09-23 16:34:11] Falha na recuperação; nova tentativa em breve
[2026-09-23 16:34:16] Monitor reconectado. Recuperando: split
[2026-09-23 16:34:16] Falha na recuperação; nova tentativa em breve
[2026-09-23 16:34:21] Monitor reconectado. Recuperando: split
[2026-09-23 16:34:21] Falha na recuperação; nova tentativa em breve
[2026-09-23 16:34:26] Monitor reconectado. Recuperando: split
[2026-09-23 16:34:26] Falha na recuperação; nova tentativa em breve
[2026-09-23 16:34:31] Monitor reconectado. Recuperando: split
[2026-09-23 16:34:31] Falha na recuperação; nova tentativa em breve
[2026-09-23 16:34:36] Monitor reconectado. Recuperando: split
[2026-09-23 16:34:37] Falha na recuperação; nova tentativa em breve
[2026-09-23 16:34:42] Monitor reconectado. Recuperando: split
[2026-09-23 16:34:42] Falha na recuperação; nova tentativa em breve
[2026-09-23 16:34:47] Monitor reconectado. Recuperando: split
[2026-09-23 16:34:47] Falha na recuperação; nova tentativa em breve
[2026-09-23 16:34:52] Monitor reconectado. Recuperando: split
[2026-09-23 16:34:52] Falha na recuperação; nova tentativa em breve
[2026-09-23 16:34:57] Monitor reconectado. Recuperando: split
[2026-09-23 16:34:57] Falha na recuperação; nova tentativa em breve
[2026-09-23 16:35:02] Monitor reconectado. Recuperando: split
[2026-09-23 16:35:02] Falha na recuperação; nova tentativa em breve
[2026-09-23 16:35:07] Monitor reconectado. Recuperando: split
[2026-09-23 16:35:07] Falha na recuperação; nova tentativa em breve
[2026-09-23 16:35:12] Monitor reconectado. Recuperando: split
[2026-09-23 16:35:12] Falha na recuperação; nova tentativa em breve
[2026-09-23 16:35:17] Monitor reconectado. Recuperando: split
[2026-09-23 16:35:17] Falha na recuperação; nova tentativa em breve
[2026-09-23 16:35:22] Monitor reconectado. Recuperando: split
[2026-09-23 16:35:22] Falha na recuperação; nova tentativa em breve
[2026-09-23 16:35:28] Monitor reconectado. Recuperando: split
[2026-09-23 16:35:28] Falha na recuperação; nova tentativa em breve
[2026-09-23 16:35:33] Monitor reconectado. Recuperando: split
[2026-09-23 16:35:33] Falha na recuperação; nova tentativa em breve
[2026-09-23 16:35:38] Monitor reconectado. Recuperando: split
[2026-09-23 16:35:38] Falha na recuperação; nova tentativa em breve
[2026-09-23 16:35:43] Monitor reconectado. Recuperando: split
[2026-09-23 16:35:43] Falha na recuperação; nova tentativa em breve
[2026-09-23 16:35:48] Monitor reconectado. Recuperando: split
[2026-09-23 16:35:48] Falha na recuperação; nova tentativa em breve
[2026-09-23 16:35:53] Monitor reconectado. Recuperando: split
[2026-09-23 16:35:53] Falha na recuperação; nova tentativa em breve
[2026-09-23 16:35:58] Monitor reconectado. Recuperando: split
[2026-09-23 16:35:58] Falha na recuperação; nova tentativa em breve
[2026-09-23 16:36:03] Monitor reconectado. Recuperando: split
[2026-09-23 16:36:03] Falha na recuperação; nova tentativa em breve
[2026-09-23 16:36:08] Monitor reconectado. Recuperando: split
[2026-09-23 16:36:09] Falha na recuperação; nova tentativa em breve
[2026-09-23 16:36:14] Monitor reconectado. Recuperando: split
[2026-09-23 16:36:14] Falha na recuperação; nova tentativa em breve
[2026-09-23 16:36:19] Monitor reconectado. Recuperando: split
[2026-09-23 16:36:19] Falha na recuperação; nova tentativa em breve
[2026-09-23 16:36:24] Monitor reconectado. Recuperando: split
[2026-09-23 16:36:24] Falha na recuperação; nova tentativa em breve
[2026-09-23 16:36:29] Monitor reconectado. Recuperando: split
[2026-09-23 16:36:29] Falha na recuperação; nova tentativa em breve
[2026-09-23 16:36:34] Monitor reconectado. Recuperando: split
[2026-09-23 16:36:34] Falha na recuperação; nova tentativa em breve
[2026-09-23 16:36:39] Monitor reconectado. Recuperando: split
[2026-09-23 16:36:39] Falha na recuperação; nova tentativa em breve
[2026-09-23 16:36:44] Monitor reconectado. Recuperando: split
[2026-09-23 16:36:44] Falha na recuperação; nova tentativa em breve
[2026-09-23 16:36:49] Monitor reconectado. Recuperando: split
[2026-09-23 16:36:49] Falha na recuperação; nova tentativa em breve
[2026-09-23 16:36:54] Monitor reconectado. Recuperando: split
[2026-09-23 16:36:55] Falha na recuperação; nova tentativa em breve
[2026-09-23 16:37:00] Monitor reconectado. Recuperando: split
[2026-09-23 16:37:00] Falha na recuperação; nova tentativa em breve
[2026-09-23 16:37:05] Monitor reconectado. Recuperando: split
[2026-09-23 16:37:05] Falha na recuperação; nova tentativa em breve
[2026-09-23 16:37:10] Monitor reconectado. Recuperando: split
[2026-09-23 16:37:10] Falha na recuperação; nova tentativa em breve
[2026-09-23 16:37:15] Monitor reconectado. Recuperando: split
[2026-09-23 16:37:15] Falha na recuperação; nova tentativa em breve
[2026-09-23 16:37:20] Monitor reconectado. Recuperando: split
[2026-09-23 16:37:20] Falha na recuperação; nova tentativa em breve
[2026-09-23 16:37:25] Monitor reconectado. Recuperando: split
[2026-09-23 16:37:25] Falha na recuperação; nova tentativa em breve
[2026-09-23 16:37:30] Monitor reconectado. Recuperando: split
[2026-09-23 16:37:30] Falha na recuperação; nova tentativa em breve
[2026-09-23 16:37:35] Monitor reconectado. Recuperando: split
[2026-09-23 16:37:35] Falha na recuperação; nova tentativa em breve
[2026-09-23 16:37:40] Monitor reconectado. Recuperando: split
[2026-09-23 16:37:41] Falha na recuperação; nova tentativa em breve
[2026-09-23 16:37:46] Monitor reconectado. Recuperando: split
[2026-09-23 16:37:46] Falha na recuperação; nova tentativa em breve
[2026-09-23 16:37:51] Monitor reconectado. Recuperando: split
[2026-09-23 16:37:51] Falha na recuperação; nova tentativa em breve
[2026-09-23 16:37:56] Monitor reconectado. Recuperando: split
[2026-09-23 16:37:56] Falha na recuperação; nova tentativa em breve
[2026-09-23 16:38:01] Monitor reconectado. Recuperando: split
[2026-09-23 16:38:01] Falha na recuperação; nova tentativa em breve
[2026-09-23 16:38:06] Monitor reconectado. Recuperando: split
[2026-09-23 16:38:06] Falha na recuperação; nova tentativa em breve
[2026-09-23 16:38:11] Monitor reconectado. Recuperando: split
[2026-09-23 16:38:11] Falha na recuperação; nova tentativa em breve
[2026-09-23 16:38:16] Monitor reconectado. Recuperando: split
[2026-09-23 16:38:16] Falha na recuperação; nova tentativa em breve
[2026-09-23 16:38:21] Monitor reconectado. Recuperando: split
[2026-09-23 16:38:21] Falha na recuperação; nova tentativa em breve
[2026-09-23 16:38:26] Monitor reconectado. Recuperando: split
[2026-09-23 16:38:27] Falha na recuperação; nova tentativa em breve
[2026-09-23 16:38:32] Monitor reconectado. Recuperando: split
[2026-09-23 16:38:32] Falha na recuperação; nova tentativa em breve
[2026-09-23 16:38:37] Monitor reconectado. Recuperando: split
[2026-09-23 16:38:37] Falha na recuperação; nova tentativa em breve
[2026-09-23 16:38:42] Monitor reconectado. Recuperando: split
[2026-09-23 16:38:42] Falha na recuperação; nova tentativa em breve
[2026-09-23 16:38:47] Monitor reconectado. Recuperando: split
[2026-09-23 16:38:47] Falha na recuperação; nova tentativa em breve
[2026-09-23 16:38:52] Monitor reconectado. Recuperando: split
[2026-09-23 16:38:52] Falha na recuperação; nova tentativa em breve
[2026-09-23 16:38:57] Monitor reconectado. Recuperando: split
[2026-09-23 16:38:57] Falha na recuperação; nova tentativa em breve
[2026-09-23 16:39:02] Monitor reconectado. Recuperando: split
[2026-09-23 16:39:02] Falha na recuperação; nova tentativa em breve
[2026-09-23 16:39:07] Monitor reconectado. Recuperando: split
[2026-09-23 16:39:07] Falha na recuperação; nova tentativa em breve
[2026-09-23 16:39:12] Monitor reconectado. Recuperando: split
[2026-09-23 16:39:13] Falha na recuperação; nova tentativa em breve
[2026-09-23 16:39:18] Monitor reconectado. Recuperando: split
[2026-09-23 16:39:18] Falha na recuperação; nova tentativa em breve
[2026-09-23 16:39:23] Monitor reconectado. Recuperando: split
[2026-09-23 16:39:23] Falha na recuperação; nova tentativa em breve
[2026-09-23 16:39:28] Monitor reconectado. Recuperando: split
[2026-09-23 16:39:28] Falha na recuperação; nova tentativa em breve
[2026-09-23 16:39:33] Monitor reconectado. Recuperando: split
[2026-09-23 16:39:33] Falha na recuperação; nova tentativa em breve
[2026-09-23 16:39:38] Monitor reconectado. Recuperando: split
[2026-09-23 16:39:38] Falha na recuperação; nova tentativa em breve
[2026-09-23 16:39:43] Monitor reconectado. Recuperando: split
[2026-09-23 16:39:43] Falha na recuperação; nova tentativa em breve
[2026-09-23 16:39:48] Monitor reconectado. Recuperando: split
[2026-09-23 16:39:48] Falha na recuperação; nova tentativa em breve
[2026-09-23 16:39:53] Monitor reconectado. Recuperando: split
[2026-09-23 16:39:53] Falha na recuperação; nova tentativa em breve
[2026-09-23 16:39:58] Monitor reconectado. Recuperando: split
[2026-09-23 16:39:59] Falha na recuperação; nova tentativa em breve
[2026-09-23 16:40:04] Monitor reconectado. Recuperando: split
[2026-09-23 16:40:04] Falha na recuperação; nova tentativa em breve
[2026-09-23 16:40:09] Monitor reconectado. Recuperando: split
[2026-09-23 16:40:09] Falha na recuperação; nova tentativa em breve
[2026-09-23 16:40:14] Monitor reconectado. Recuperando: split
[2026-09-23 16:40:14] Falha na recuperação; nova tentativa em breve
[2026-09-23 16:40:19] Monitor reconectado. Recuperando: split
[2026-09-23 16:40:19] Falha na recuperação; nova tentativa em breve
[2026-09-23 16:40:24] Monitor reconectado. Recuperando: split
[2026-09-23 16:40:24] Falha na recuperação; nova tentativa em breve
[2026-09-23 16:40:29] Monitor reconectado. Recuperando: split
[2026-09-23 16:40:29] Falha na recuperação; nova tentativa em breve
[2026-09-23 16:40:34] Monitor reconectado. Recuperando: split
[2026-09-23 16:40:34] Falha na recuperação; nova tentativa em breve
[2026-09-23 16:40:39] Monitor reconectado. Recuperando: split
[2026-09-23 16:40:39] Falha na recuperação; nova tentativa em breve
[2026-09-23 16:40:44] Monitor reconectado. Recuperando: split
[2026-09-23 16:40:45] Falha na recuperação; nova tentativa em breve
[2026-09-23 16:40:50] Monitor reconectado. Recuperando: split
[2026-09-23 16:40:50] Falha na recuperação; nova tentativa em breve
[2026-09-23 16:40:55] Monitor reconectado. Recuperando: split
[2026-09-23 16:40:55] Falha na recuperação; nova tentativa em breve
[2026-09-23 16:41:00] Monitor reconectado. Recuperando: split
[2026-09-23 16:41:00] Falha na recuperação; nova tentativa em breve
[2026-09-23 16:41:05] Monitor reconectado. Recuperando: split
[2026-09-23 16:41:05] Falha na recuperação; nova tentativa em breve
[2026-09-23 16:41:10] Monitor reconectado. Recuperando: split
[2026-09-23 16:41:10] Falha na recuperação; nova tentativa em breve
[2026-09-23 16:41:15] Monitor reconectado. Recuperando: split
[2026-09-23 16:41:15] Falha na recuperação; nova tentativa em breve
[2026-09-23 16:41:20] Monitor reconectado. Recuperando: split
[2026-09-23 16:41:20] Falha na recuperação; nova tentativa em breve
[2026-09-23 16:41:25] Monitor reconectado. Recuperando: split
[2026-09-23 16:41:25] Falha na recuperação; nova tentativa em breve
[2026-09-23 16:41:31] Monitor reconectado. Recuperando: split
[2026-09-23 16:41:31] Falha na recuperação; nova tentativa em breve
[2026-09-23 16:41:36] Monitor reconectado. Recuperando: split
[2026-09-23 16:41:36] Falha na recuperação; nova tentativa em breve
[2026-09-23 16:41:41] Monitor reconectado. Recuperando: split
[2026-09-23 16:41:41] Falha na recuperação; nova tentativa em breve
[2026-09-23 16:41:46] Monitor reconectado. Recuperando: split
[2026-09-23 16:41:46] Falha na recuperação; nova tentativa em breve
[2026-09-23 16:41:51] Monitor reconectado. Recuperando: split
[2026-09-23 16:41:51] Falha na recuperação; nova tentativa em breve
[2026-09-23 16:41:56] Monitor reconectado. Recuperando: split
[2026-09-23 16:41:56] Falha na recuperação; nova tentativa em breve
[2026-09-23 16:42:01] Monitor reconectado. Recuperando: split
[2026-09-23 16:42:01] Falha na recuperação; nova tentativa em breve
[2026-09-23 16:42:06] Monitor reconectado. Recuperando: split
[2026-09-23 16:42:06] Falha na recuperação; nova tentativa em breve
[2026-09-23 16:42:11] Monitor reconectado. Recuperando: split
[2026-09-23 16:42:11] Falha na recuperação; nova tentativa em breve
[2026-09-23 16:42:16] Monitor reconectado. Recuperando: split
[2026-09-23 16:42:17] Falha na recuperação; nova tentativa em breve
[2026-09-23 16:42:22] Monitor reconectado. Recuperando: split
[2026-09-23 16:42:22] Falha na recuperação; nova tentativa em breve
[2026-09-23 16:42:27] Monitor reconectado. Recuperando: split
[2026-09-23 16:42:27] Falha na recuperação; nova tentativa em breve
[2026-09-23 16:42:32] Monitor reconectado. Recuperando: split
[2026-09-23 16:42:32] Falha na recuperação; nova tentativa em breve
[2026-09-23 16:42:37] Monitor reconectado. Recuperando: split
[2026-09-23 16:42:37] Falha na recuperação; nova tentativa em breve
[2026-09-23 16:42:42] Monitor reconectado. Recuperando: split
[2026-09-23 16:42:42] Falha na recuperação; nova tentativa em breve
[2026-09-23 16:42:47] Monitor reconectado. Recuperando: split
[2026-09-23 16:42:47] Falha na recuperação; nova tentativa em breve
[2026-09-23 16:42:52] Monitor reconectado. Recuperando: split
[2026-09-23 16:42:52] Falha na recuperação; nova tentativa em breve
[2026-09-23 16:42:57] Monitor reconectado. Recuperando: split
[2026-09-23 16:42:57] Falha na recuperação; nova tentativa em breve
[2026-09-23 16:43:02] Monitor reconectado. Recuperando: split
[2026-09-23 16:43:03] Falha na recuperação; nova tentativa em breve
[2026-09-23 16:43:08] Monitor reconectado. Recuperando: split
[2026-09-23 16:43:08] Falha na recuperação; nova tentativa em breve
[2026-09-23 16:43:13] Monitor reconectado. Recuperando: split
[2026-09-23 16:43:13] Falha na recuperação; nova tentativa em breve
[2026-09-23 16:43:18] Monitor reconectado. Recuperando: split
[2026-09-23 16:43:18] Falha na recuperação; nova tentativa em breve
[2026-09-23 16:43:23] Monitor reconectado. Recuperando: split
[2026-09-23 16:43:23] Falha na recuperação; nova tentativa em breve
[2026-09-23 16:43:28] Monitor reconectado. Recuperando: split
[2026-09-23 16:43:28] Falha na recuperação; nova tentativa em breve
[2026-09-23 16:43:33] Monitor reconectado. Recuperando: split
[2026-09-23 16:43:33] Falha na recuperação; nova tentativa em breve
[2026-09-23 16:43:38] Monitor reconectado. Recuperando: split
[2026-09-23 16:43:38] Falha na recuperação; nova tentativa em breve
[2026-09-23 16:43:43] Monitor reconectado. Recuperando: split
[2026-09-23 16:43:43] Falha na recuperação; nova tentativa em breve
[2026-09-23 16:43:48] Monitor reconectado. Recuperando: split
[2026-09-23 16:43:49] Falha na recuperação; nova tentativa em breve
[2026-09-23 16:43:54] Monitor reconectado. Recuperando: split
[2026-09-23 16:43:54] Falha na recuperação; nova tentativa em breve
[2026-09-23 16:43:59] Monitor reconectado. Recuperando: split
[2026-09-23 16:43:59] Falha na recuperação; nova tentativa em breve
[2026-09-23 16:44:04] Monitor reconectado. Recuperando: split
[2026-09-23 16:44:04] Falha na recuperação; nova tentativa em breve
[2026-09-23 16:44:09] Monitor reconectado. Recuperando: split
[2026-09-23 16:44:09] Falha na recuperação; nova tentativa em breve
[2026-09-23 16:44:14] Monitor reconectado. Recuperando: split
[2026-09-23 16:44:14] Falha na recuperação; nova tentativa em breve
[2026-09-23 16:44:19] Monitor reconectado. Recuperando: split
[2026-09-23 16:44:19] Falha na recuperação; nova tentativa em breve
[2026-09-23 16:44:24] Monitor reconectado. Recuperando: split
[2026-09-23 16:44:24] Falha na recuperação; nova tentativa em breve
[2026-09-23 16:44:29] Monitor reconectado. Recuperando: split
[2026-09-23 16:44:29] Falha na recuperação; nova tentativa em breve
[2026-09-23 16:44:34] Monitor reconectado. Recuperando: split
[2026-09-23 16:44:35] Falha na recuperação; nova tentativa em breve
[2026-09-23 16:44:40] Monitor reconectado. Recuperando: split
[2026-09-23 16:44:40] Falha na recuperação; nova tentativa em breve
[2026-09-23 16:44:45] Monitor reconectado. Recuperando: split
[2026-09-23 16:44:45] Falha na recuperação; nova tentativa em breve
[2026-09-23 16:44:50] Monitor reconectado. Recuperando: split
[2026-09-23 16:44:50] Falha na recuperação; nova tentativa em breve
[2026-09-23 16:44:55] Monitor reconectado. Recuperando: split
[2026-09-23 16:44:55] Falha na recuperação; nova tentativa em breve
[2026-09-23 16:45:00] Monitor reconectado. Recuperando: split
[2026-09-23 16:45:00] Falha na recuperação; nova tentativa em breve
[2026-09-23 16:45:05] Monitor reconectado. Recuperando: split
[2026-09-23 16:45:05] Falha na recuperação; nova tentativa em breve
[2026-09-23 16:45:10] Monitor reconectado. Recuperando: split
[2026-09-23 16:45:10] Falha na recuperação; nova tentativa em breve
[2026-09-23 16:45:15] Monitor reconectado. Recuperando: split
[2026-09-23 16:45:15] Falha na recuperação; nova tentativa em breve
[2026-09-23 16:45:20] Monitor reconectado. Recuperando: split
[2026-09-23 16:45:21] Falha na recuperação; nova tentativa em breve
[2026-09-23 16:45:26] Monitor reconectado. Recuperando: split
[2026-09-23 16:45:26] Falha na recuperação; nova tentativa em breve
[2026-09-23 16:45:31] Monitor reconectado. Recuperando: split
[2026-09-23 16:45:31] Falha na recuperação; nova tentativa em breve
[2026-09-23 16:45:36] Monitor reconectado. Recuperando: split
[2026-09-23 16:45:36] Falha na recuperação; nova tentativa em breve
[2026-09-23 16:45:41] Monitor reconectado. Recuperando: split
[2026-09-23 16:45:41] Falha na recuperação; nova tentativa em breve
[2026-09-23 16:45:46] Monitor reconectado. Recuperando: split
[2026-09-23 16:45:46] Falha na recuperação; nova tentativa em breve
[2026-09-23 16:45:51] Monitor reconectado. Recuperando: split
[2026-09-23 16:45:51] Falha na recuperação; nova tentativa em breve
[2026-09-23 16:45:56] Monitor reconectado. Recuperando: split
[2026-09-23 16:45:56] Falha na recuperação; nova tentativa em breve
[2026-09-23 16:46:01] Monitor reconectado. Recuperando: split
[2026-09-23 16:46:01] Falha na recuperação; nova tentativa em breve
[2026-09-23 16:46:06] Monitor reconectado. Recuperando: split
[2026-09-23 16:46:06] Falha na recuperação; nova tentativa em breve
[2026-09-23 16:46:12] Monitor reconectado. Recuperando: split
[2026-09-23 16:46:12] Falha na recuperação; nova tentativa em breve
[2026-09-23 16:46:17] Monitor reconectado. Recuperando: split
[2026-09-23 16:46:17] Falha na recuperação; nova tentativa em breve
[2026-09-23 16:46:22] Monitor reconectado. Recuperando: split
[2026-09-23 16:46:22] Falha na recuperação; nova tentativa em breve
[2026-09-23 16:46:27] Monitor reconectado. Recuperando: split
[2026-09-23 16:46:27] Falha na recuperação; nova tentativa em breve
[2026-09-23 16:46:32] Monitor reconectado. Recuperando: split
[2026-09-23 16:46:32] Falha na recuperação; nova tentativa em breve
[2026-09-23 16:46:37] Monitor reconectado. Recuperando: split
[2026-09-23 16:46:37] Falha na recuperação; nova tentativa em breve
[2026-09-23 16:46:42] Monitor reconectado. Recuperando: split
[2026-09-23 16:46:42] Falha na recuperação; nova tentativa em breve
[2026-09-23 16:46:47] Monitor reconectado. Recuperando: split
[2026-09-23 16:46:47] Falha na recuperação; nova tentativa em breve
[2026-09-23 16:46:52] Monitor reconectado. Recuperando: split
[2026-09-23 16:46:53] Falha na recuperação; nova tentativa em breve
[2026-09-23 16:46:58] Monitor reconectado. Recuperando: split
[2026-09-23 16:46:58] Falha na recuperação; nova tentativa em breve
[2026-09-23 16:47:03] Monitor reconectado. Recuperando: split
[2026-09-23 16:47:03] Falha na recuperação; nova tentativa em breve
[2026-09-23 16:47:08] Monitor reconectado. Recuperando: split
[2026-09-23 16:47:08] Falha na recuperação; nova tentativa em breve
[2026-09-23 16:47:13] Monitor reconectado. Recuperando: split
[2026-09-23 16:47:13] Falha na recuperação; nova tentativa em breve
[2026-09-23 16:47:18] Monitor reconectado. Recuperando: split
[2026-09-23 16:47:18] Falha na recuperação; nova tentativa em breve
[2026-09-23 16:47:23] Monitor reconectado. Recuperando: split
[2026-09-23 16:47:23] Falha na recuperação; nova tentativa em breve
[2026-09-23 16:47:28] Monitor reconectado. Recuperando: split
[2026-09-23 16:47:28] Falha na recuperação; nova tentativa em breve
[2026-09-23 16:47:33] Monitor reconectado. Recuperando: split
[2026-09-23 16:47:33] Falha na recuperação; nova tentativa em breve
[2026-09-23 16:47:38] Monitor reconectado. Recuperando: split
[2026-09-23 16:47:39] Falha na recuperação; nova tentativa em breve
[2026-09-23 16:47:44] Monitor reconectado. Recuperando: split
[2026-09-23 16:47:44] Falha na recuperação; nova tentativa em breve
[2026-09-23 16:47:49] Monitor reconectado. Recuperando: split
[2026-09-23 16:47:49] Falha na recuperação; nova tentativa em breve
[2026-09-23 16:47:54] Monitor reconectado. Recuperando: split
[2026-09-23 16:47:54] Falha na recuperação; nova tentativa em breve
[2026-09-23 16:47:59] Monitor reconectado. Recuperando: split
[2026-09-23 16:47:59] Falha na recuperação; nova tentativa em breve
[2026-09-23 16:48:04] Monitor reconectado. Recuperando: split
[2026-09-23 16:48:04] Falha na recuperação; nova tentativa em breve
[2026-09-23 16:48:09] Monitor reconectado. Recuperando: split
[2026-09-23 16:48:09] Falha na recuperação; nova tentativa em breve
[2026-09-23 16:48:14] Monitor reconectado. Recuperando: split
[2026-09-23 16:48:14] Falha na recuperação; nova tentativa em breve
[2026-09-23 16:48:19] Monitor reconectado. Recuperando: split
[2026-09-23 16:48:19] Falha na recuperação; nova tentativa em breve
[2026-09-23 16:48:24] Monitor reconectado. Recuperando: split
[2026-09-23 16:48:25] Falha na recuperação; nova tentativa em breve
[2026-09-23 16:48:30] Monitor reconectado. Recuperando: split
[2026-09-23 16:48:30] Falha na recuperação; nova tentativa em breve
[2026-09-23 16:48:35] Monitor reconectado. Recuperando: split
[2026-09-23 16:48:35] Falha na recuperação; nova tentativa em breve
[2026-09-23 16:48:40] Monitor reconectado. Recuperando: split
[2026-09-23 16:48:40] Falha na recuperação; nova tentativa em breve
[2026-09-23 16:48:45] Monitor reconectado. Recuperando: split
[2026-09-23 16:48:45] Falha na recuperação; nova tentativa em breve
[2026-09-23 16:48:50] Monitor reconectado. Recuperando: split
[2026-09-23 16:48:50] Falha na recuperação; nova tentativa em breve
[2026-09-23 16:48:55] Monitor reconectado. Recuperando: split
[2026-09-23 16:48:55] Falha na recuperação; nova tentativa em breve
[2026-09-23 16:49:00] Monitor reconectado. Recuperando: split
[2026-09-23 16:49:00] Falha na recuperação; nova tentativa em breve
[2026-09-23 16:49:05] Monitor reconectado. Recuperando: split
[2026-09-23 16:49:05] Falha na recuperação; nova tentativa em breve
[2026-09-23 16:49:10] Monitor reconectado. Recuperando: split
[2026-09-23 16:49:11] Falha na recuperação; nova tentativa em breve
[2026-09-23 16:49:16] Monitor reconectado. Recuperando: split
[2026-09-23 16:49:16] Falha na recuperação; nova tentativa em breve
[2026-09-23 16:49:21] Monitor reconectado. Recuperando: split
[2026-09-23 16:49:21] Falha na recuperação; nova tentativa em breve
[2026-09-23 16:49:26] Monitor reconectado. Recuperando: split
[2026-09-23 16:49:26] Falha na recuperação; nova tentativa em breve
[2026-09-23 16:49:31] Monitor reconectado. Recuperando: split
[2026-09-23 16:49:31] Falha na recuperação; nova tentativa em breve
[2026-09-23 16:49:36] Monitor reconectado. Recuperando: split
[2026-09-23 16:49:36] Falha na recuperação; nova tentativa em breve
[2026-09-23 16:49:41] Monitor reconectado. Recuperando: split
[2026-09-23 16:49:41] Falha na recuperação; nova tentativa em breve
[2026-09-23 16:49:46] Monitor reconectado. Recuperando: split
[2026-09-23 16:49:46] Falha na recuperação; nova tentativa em breve
[2026-09-23 16:49:51] Monitor reconectado. Recuperando: split
[2026-09-23 16:49:51] Falha na recuperação; nova tentativa em breve
[2026-09-23 16:49:56] Monitor reconectado. Recuperando: split
[2026-09-23 16:49:57] Falha na recuperação; nova tentativa em breve
[2026-09-23 16:50:02] Monitor reconectado. Recuperando: split
[2026-09-23 16:50:02] Falha na recuperação; nova tentativa em breve
[2026-09-23 16:50:07] Monitor reconectado. Recuperando: split
[2026-09-23 16:50:07] Falha na recuperação; nova tentativa em breve
[2026-09-23 16:50:12] Monitor reconectado. Recuperando: split
[2026-09-23 16:50:12] Falha na recuperação; nova tentativa em breve
[2026-09-23 16:50:17] Monitor reconectado. Recuperando: split
[2026-09-23 16:50:17] Falha na recuperação; nova tentativa em breve
[2026-09-23 16:50:22] Monitor reconectado. Recuperando: split
[2026-09-23 16:50:22] Falha na recuperação; nova tentativa em breve
[2026-09-23 16:50:27] Monitor reconectado. Recuperando: split
[2026-09-23 16:50:27] Falha na recuperação; nova tentativa em breve
[2026-09-23 16:50:32] Monitor reconectado. Recuperando: split
[2026-09-23 16:50:32] Falha na recuperação; nova tentativa em breve
[2026-09-23 16:50:37] Monitor reconectado. Recuperando: split
[2026-09-23 16:50:37] Falha na recuperação; nova tentativa em breve
[2026-09-23 16:50:43] Monitor reconectado. Recuperando: split
[2026-09-23 16:50:43] Falha na recuperação; nova tentativa em breve
[2026-09-23 16:50:48] Monitor reconectado. Recuperando: split
[2026-09-23 16:50:48] Falha na recuperação; nova tentativa em breve
[2026-09-23 16:50:53] Monitor reconectado. Recuperando: split
[2026-09-23 16:50:53] Falha na recuperação; nova tentativa em breve
[2026-09-23 16:50:58] Monitor reconectado. Recuperando: split
[2026-09-23 16:50:58] Falha na recuperação; nova tentativa em breve
[2026-09-23 16:51:03] Monitor reconectado. Recuperando: split
[2026-09-23 16:51:03] Falha na recuperação; nova tentativa em breve
[2026-09-23 16:51:08] Monitor reconectado. Recuperando: split
[2026-09-23 16:51:08] Falha na recuperação; nova tentativa em breve
[2026-09-23 16:51:13] Monitor reconectado. Recuperando: split
[2026-09-23 16:51:13] Falha na recuperação; nova tentativa em breve
[2026-09-23 16:51:18] Monitor reconectado. Recuperando: split
[2026-09-23 16:51:18] Falha na recuperação; nova tentativa em breve
[2026-09-23 16:59:55] Monitor reconectado. Recuperando: split
[2026-09-23 16:59:55] Falha na recuperação; nova tentativa em breve
[2026-09-23 17:00:00] Monitor reconectado. Recuperando: split
No monitor named 'FULL'
output list HDMI-A-0
add monitor HDMI-A-0
output name HDMI-A-0
[2026-09-23 17:00:00] Falha na recuperação; nova tentativa em breve
[2026-09-23 17:00:05] Monitor reconectado. Recuperando: split
No monitor named 'FULL'
output list HDMI-A-0
add monitor HDMI-A-0
output name HDMI-A-0
[2026-09-23 17:00:06] Falha na recuperação; nova tentativa em breve
[2026-09-23 17:00:11] Monitor reconectado. Recuperando: split
[2026-09-23 17:00:11] Falha na recuperação; nova tentativa em breve
[2026-09-23 17:00:16] Monitor reconectado. Recuperando: split
[2026-09-23 17:00:16] Falha na recuperação; nova tentativa em breve
[2026-09-23 17:00:21] Monitor reconectado. Recuperando: split
[2026-09-23 17:00:21] Falha na recuperação; nova tentativa em breve
[2026-09-23 17:00:26] Monitor reconectado. Recuperando: split
[2026-09-23 17:00:26] Falha na recuperação; nova tentativa em breve
[2026-09-23 17:00:31] Monitor reconectado. Recuperando: split
[2026-09-23 17:00:31] Falha na recuperação; nova tentativa em breve
[2026-09-23 17:00:36] Monitor reconectado. Recuperando: split
[2026-09-23 17:00:36] Falha na recuperação; nova tentativa em breve
[2026-09-23 17:00:41] Monitor reconectado. Recuperando: split
[2026-09-23 17:00:41] Falha na recuperação; nova tentativa em breve
[2026-09-23 17:00:47] Monitor reconectado. Recuperando: split
[2026-09-23 17:00:47] Falha na recuperação; nova tentativa em breve
[2026-09-23 17:00:52] Monitor reconectado. Recuperando: split
[2026-09-23 17:00:52] Falha na recuperação; nova tentativa em breve
[2026-09-23 17:00:57] Monitor reconectado. Recuperando: split
No monitor named 'FULL'
output list HDMI-A-0
add monitor HDMI-A-0
output name HDMI-A-0
[2026-09-23 17:00:57] Falha na recuperação; nova tentativa em breve
[2026-09-23 17:01:02] Monitor reconectado. Recuperando: split
[2026-09-23 17:01:02] Falha na recuperação; nova tentativa em breve
[2026-09-23 17:01:07] Monitor reconectado. Recuperando: split
[2026-09-23 17:01:07] Falha na recuperação; nova tentativa em breve
[2026-09-23 17:01:12] Monitor reconectado. Recuperando: split
[2026-09-23 17:01:12] Falha na recuperação; nova tentativa em breve
[2026-09-23 17:01:17] Monitor reconectado. Recuperando: split
[2026-09-23 17:01:18] Falha na recuperação; nova tentativa em breve
[2026-09-23 17:01:23] Monitor reconectado. Recuperando: split
No monitor named 'FULL'
output list HDMI-A-0
add monitor HDMI-A-0
output name HDMI-A-0
[2026-09-23 17:01:23] Falha na recuperação; nova tentativa em breve
[2026-09-23 17:01:28] Monitor reconectado. Recuperando: split
No monitor named 'FULL'
output list HDMI-A-0
add monitor HDMI-A-0
output name HDMI-A-0
[2026-09-23 17:01:28] Falha na recuperação; nova tentativa em breve
[2026-09-23 17:01:33] Monitor reconectado. Recuperando: split
[2026-09-23 17:01:33] Falha na recuperação; nova tentativa em breve
[2026-09-23 17:01:38] Monitor reconectado. Recuperando: split
[2026-09-23 17:01:38] Falha na recuperação; nova tentativa em breve
[2026-09-23 17:01:43] Monitor reconectado. Recuperando: split
[2026-09-23 17:01:43] Falha na recuperação; nova tentativa em breve
[2026-09-23 17:01:49] Monitor reconectado. Recuperando: split
[2026-09-23 17:01:49] Falha na recuperação; nova tentativa em breve
[2026-09-23 17:01:54] Monitor reconectado. Recuperando: split
[2026-09-23 17:01:54] Falha na recuperação; nova tentativa em breve
[2026-09-23 17:01:59] Monitor reconectado. Recuperando: split
[2026-09-23 17:01:59] Falha na recuperação; nova tentativa em breve
[2026-09-23 17:02:04] Monitor reconectado. Recuperando: split
[2026-09-23 17:02:04] Falha na recuperação; nova tentativa em breve
[2026-09-23 17:02:09] Monitor reconectado. Recuperando: split
[2026-09-23 17:02:09] Falha na recuperação; nova tentativa em breve
[2026-09-23 17:02:14] Monitor reconectado. Recuperando: split
No monitor named 'FULL'
output list HDMI-A-0
add monitor HDMI-A-0
output name HDMI-A-0
[2026-09-23 17:02:14] Falha na recuperação; nova tentativa em breve
[2026-09-23 17:02:19] Monitor reconectado. Recuperando: split
[2026-09-23 17:02:19] Falha na recuperação; nova tentativa em breve
[2026-09-23 17:02:25] Monitor reconectado. Recuperando: split
[2026-09-23 17:02:25] Falha na recuperação; nova tentativa em breve
[2026-09-23 17:02:30] Monitor reconectado. Recuperando: split
[2026-09-23 17:02:30] Falha na recuperação; nova tentativa em breve
[2026-09-23 17:02:35] Monitor reconectado. Recuperando: split
[2026-09-23 17:02:35] Falha na recuperação; nova tentativa em breve
[2026-09-23 17:02:40] Monitor reconectado. Recuperando: split
[2026-09-23 17:02:40] Falha na recuperação; nova tentativa em breve
[2026-09-23 17:02:45] Monitor reconectado. Recuperando: split
[2026-09-23 17:02:45] Falha na recuperação; nova tentativa em breve
[2026-09-23 17:02:50] Monitor reconectado. Recuperando: split
[2026-09-23 17:02:50] Falha na recuperação; nova tentativa em breve
[2026-09-23 17:02:55] Monitor reconectado. Recuperando: split
[2026-09-23 17:02:55] Falha na recuperação; nova tentativa em breve
[2026-09-23 17:03:00] Monitor reconectado. Recuperando: split
[2026-09-23 17:03:00] Falha na recuperação; nova tentativa em breve
[2026-09-23 17:03:05] Monitor reconectado. Recuperando: split
[2026-09-23 17:03:05] Falha na recuperação; nova tentativa em breve
[2026-09-23 17:03:11] Monitor reconectado. Recuperando: split
[2026-09-23 17:03:11] Falha na recuperação; nova tentativa em breve
[2026-09-23 17:03:16] Monitor reconectado. Recuperando: split
[2026-09-23 17:03:16] Falha na recuperação; nova tentativa em breve
[2026-09-23 17:03:21] Monitor reconectado. Recuperando: split
[2026-09-23 17:03:21] Falha na recuperação; nova tentativa em breve
[2026-09-23 17:03:26] Monitor reconectado. Recuperando: split
[2026-09-23 17:03:26] Falha na recuperação; nova tentativa em breve
[2026-09-23 17:03:31] Monitor reconectado. Recuperando: split
[2026-09-23 17:03:31] Falha na recuperação; nova tentativa em breve
[2026-09-23 17:03:36] Monitor reconectado. Recuperando: split
[2026-09-23 17:03:36] Falha na recuperação; nova tentativa em breve
[2026-09-23 17:03:41] Monitor reconectado. Recuperando: split
[2026-09-23 17:03:41] Falha na recuperação; nova tentativa em breve
[2026-09-23 17:03:46] Monitor reconectado. Recuperando: split
No monitor named 'FULL'
output list HDMI-A-0
add monitor HDMI-A-0
output name HDMI-A-0
[2026-09-23 17:03:47] Falha na recuperação; nova tentativa em breve
[2026-09-23 17:03:52] Monitor reconectado. Recuperando: split
[2026-09-23 17:03:52] Falha na recuperação; nova tentativa em breve
[2026-09-23 17:03:57] Monitor reconectado. Recuperando: split
[2026-09-23 17:03:57] Falha na recuperação; nova tentativa em breve
[2026-09-23 17:04:02] Monitor reconectado. Recuperando: split
[2026-09-23 17:04:02] Falha na recuperação; nova tentativa em breve
[2026-09-23 17:04:07] Monitor reconectado. Recuperando: split
[2026-09-23 17:04:07] Falha na recuperação; nova tentativa em breve
[2026-09-23 17:04:12] Monitor reconectado. Recuperando: split
[2026-09-23 17:04:12] Falha na recuperação; nova tentativa em breve
[2026-09-23 17:04:17] Monitor reconectado. Recuperando: split
[2026-09-23 17:04:17] Falha na recuperação; nova tentativa em breve
[2026-09-23 17:04:22] Monitor reconectado. Recuperando: split
No monitor named 'FULL'
output list HDMI-A-0
add monitor HDMI-A-0
output name HDMI-A-0
[2026-09-23 17:04:23] Falha na recuperação; nova tentativa em breve
[2026-09-23 17:04:28] Monitor reconectado. Recuperando: split
[2026-09-23 17:04:28] Falha na recuperação; nova tentativa em breve
[2026-09-23 17:04:33] Monitor reconectado. Recuperando: split
[2026-09-23 17:04:33] Falha na recuperação; nova tentativa em breve
[2026-09-23 17:04:38] Monitor reconectado. Recuperando: split
[2026-09-23 17:04:38] Falha na recuperação; nova tentativa em breve
[2026-09-23 17:04:43] Monitor reconectado. Recuperando: split
[2026-09-23 17:04:43] Falha na recuperação; nova tentativa em breve
[2026-09-23 17:04:48] Monitor reconectado. Recuperando: split
No monitor named 'FULL'
output list HDMI-A-0
add monitor HDMI-A-0
output name HDMI-A-0
[2026-09-23 17:04:48] Falha na recuperação; nova tentativa em breve
[2026-09-23 17:04:53] Monitor reconectado. Recuperando: split
No monitor named 'FULL'
output list HDMI-A-0
add monitor HDMI-A-0
output name HDMI-A-0
[2026-09-23 17:04:54] Falha na recuperação; nova tentativa em breve
[2026-09-23 17:04:59] Monitor reconectado. Recuperando: split
No monitor named 'FULL'
output list HDMI-A-0
add monitor HDMI-A-0
output name HDMI-A-0
[2026-09-23 17:04:59] Falha na recuperação; nova tentativa em breve
[2026-09-23 17:05:04] Monitor reconectado. Recuperando: split
[2026-09-23 17:05:04] Falha na recuperação; nova tentativa em breve
[2026-09-23 17:05:09] Monitor reconectado. Recuperando: split
[2026-09-23 17:05:09] Falha na recuperação; nova tentativa em breve
[2026-09-23 17:05:14] Monitor reconectado. Recuperando: split
[2026-09-23 17:05:14] Falha na recuperação; nova tentativa em breve
[2026-09-23 17:05:19] Monitor reconectado. Recuperando: split
No monitor named 'FULL'
output list HDMI-A-0
add monitor HDMI-A-0
output name HDMI-A-0
[2026-09-23 17:05:20] Falha na recuperação; nova tentativa em breve
[2026-09-23 17:05:25] Monitor reconectado. Recuperando: split
[2026-09-23 17:05:25] Falha na recuperação; nova tentativa em breve
[2026-09-23 17:05:30] Monitor reconectado. Recuperando: split
[2026-09-23 17:05:30] Falha na recuperação; nova tentativa em breve
[2026-09-23 17:05:35] Monitor reconectado. Recuperando: split
[2026-09-23 17:05:35] Falha na recuperação; nova tentativa em breve
[2026-09-23 17:05:40] Monitor reconectado. Recuperando: split
[2026-09-23 17:05:40] Falha na recuperação; nova tentativa em breve
[2026-09-23 17:05:45] Monitor reconectado. Recuperando: split
[2026-09-23 17:05:45] Falha na recuperação; nova tentativa em breve
[2026-09-23 17:05:50] Monitor reconectado. Recuperando: split
[2026-09-23 17:05:50] Falha na recuperação; nova tentativa em breve
[2026-09-23 17:05:55] Monitor reconectado. Recuperando: split
[2026-09-23 17:05:55] Falha na recuperação; nova tentativa em breve
[2026-09-23 17:06:00] Monitor reconectado. Recuperando: split
[2026-09-23 17:06:01] Falha na recuperação; nova tentativa em breve
[2026-09-23 17:06:06] Monitor reconectado. Recuperando: split
[2026-09-23 17:06:06] Falha na recuperação; nova tentativa em breve
[2026-09-23 17:06:11] Monitor reconectado. Recuperando: split
[2026-09-23 17:06:11] Falha na recuperação; nova tentativa em breve
[2026-09-23 17:06:16] Monitor reconectado. Recuperando: split
[2026-09-23 17:06:16] Falha na recuperação; nova tentativa em breve
[2026-09-23 17:06:21] Monitor reconectado. Recuperando: split
No monitor named 'FULL'
output list HDMI-A-0
add monitor HDMI-A-0
output name HDMI-A-0
[2026-09-23 17:06:21] Falha na recuperação; nova tentativa em breve
[2026-09-23 17:06:26] Monitor reconectado. Recuperando: split
No monitor named 'FULL'
output list HDMI-A-0
add monitor HDMI-A-0
output name HDMI-A-0
[2026-09-23 17:06:27] Falha na recuperação; nova tentativa em breve
[2026-09-23 17:06:32] Monitor reconectado. Recuperando: split
[2026-09-23 17:06:32] Falha na recuperação; nova tentativa em breve
[2026-09-23 17:06:37] Monitor reconectado. Recuperando: split
[2026-09-23 17:06:37] Falha na recuperação; nova tentativa em breve
[2026-09-23 17:06:42] Monitor reconectado. Recuperando: split
[2026-09-23 17:06:42] Falha na recuperação; nova tentativa em breve
[2026-09-23 17:06:47] Monitor reconectado. Recuperando: split
[2026-09-23 17:06:47] Falha na recuperação; nova tentativa em breve
[2026-09-23 17:06:52] Monitor reconectado. Recuperando: split
[2026-09-23 17:06:52] Falha na recuperação; nova tentativa em breve
[2026-09-23 17:06:57] Monitor reconectado. Recuperando: split
[2026-09-23 17:06:57] Falha na recuperação; nova tentativa em breve
[2026-09-23 17:07:02] Monitor reconectado. Recuperando: split
[2026-09-23 17:07:02] Falha na recuperação; nova tentativa em breve
[2026-09-23 17:07:08] Monitor reconectado. Recuperando: split
[2026-09-23 17:07:08] Falha na recuperação; nova tentativa em breve
[2026-09-23 17:07:13] Monitor reconectado. Recuperando: split
[2026-09-23 17:07:13] Falha na recuperação; nova tentativa em breve
[2026-09-23 17:07:18] Monitor reconectado. Recuperando: split
[2026-09-23 17:07:18] Falha na recuperação; nova tentativa em breve
[2026-09-23 17:07:23] Monitor reconectado. Recuperando: split
No monitor named 'FULL'
output list HDMI-A-0
add monitor HDMI-A-0
output name HDMI-A-0
[2026-09-23 17:07:23] Falha na recuperação; nova tentativa em breve
[2026-09-23 17:07:28] Monitor reconectado. Recuperando: split
[2026-09-23 17:07:28] Falha na recuperação; nova tentativa em breve
[2026-09-23 17:07:33] Monitor reconectado. Recuperando: split
[2026-09-23 17:07:33] Falha na recuperação; nova tentativa em breve
[2026-09-23 17:07:39] Monitor reconectado. Recuperando: split
[2026-09-23 17:07:39] Falha na recuperação; nova tentativa em breve
[2026-09-23 17:07:44] Monitor reconectado. Recuperando: split
[2026-09-23 17:07:44] Falha na recuperação; nova tentativa em breve
[2026-09-23 17:07:49] Monitor reconectado. Recuperando: split
[2026-09-23 17:07:49] Falha na recuperação; nova tentativa em breve
[2026-09-23 17:07:54] Monitor reconectado. Recuperando: split
No monitor named 'FULL'
output list HDMI-A-0
add monitor HDMI-A-0
output name HDMI-A-0
[2026-09-23 17:07:54] Falha na recuperação; nova tentativa em breve
[2026-09-23 17:07:59] Monitor reconectado. Recuperando: split
[2026-09-23 17:07:59] Falha na recuperação; nova tentativa em breve
[2026-09-23 17:08:04] Monitor reconectado. Recuperando: split
[2026-09-23 17:08:04] Falha na recuperação; nova tentativa em breve
[2026-09-23 17:08:09] Monitor reconectado. Recuperando: split
[2026-09-23 17:08:10] Falha na recuperação; nova tentativa em breve
[2026-09-23 17:08:15] Monitor reconectado. Recuperando: split
[2026-09-23 17:08:15] Falha na recuperação; nova tentativa em breve
[2026-09-23 17:08:20] Monitor reconectado. Recuperando: split
[2026-09-23 17:08:20] Falha na recuperação; nova tentativa em breve
[2026-09-23 17:08:25] Monitor reconectado. Recuperando: split
[2026-09-23 17:08:25] Falha na recuperação; nova tentativa em breve
[2026-09-23 17:08:30] Monitor reconectado. Recuperando: split
[2026-09-23 17:08:30] Falha na recuperação; nova tentativa em breve
[2026-09-23 17:08:35] Monitor reconectado. Recuperando: split
No monitor named 'FULL'
output list HDMI-A-0
add monitor HDMI-A-0
output name HDMI-A-0
[2026-09-23 17:08:35] Falha na recuperação; nova tentativa em breve
[2026-09-23 17:08:41] Monitor reconectado. Recuperando: split
[2026-09-23 17:08:41] Falha na recuperação; nova tentativa em breve
[2026-09-23 17:08:46] Monitor reconectado. Recuperando: split
[2026-09-23 17:08:46] Falha na recuperação; nova tentativa em breve
[2026-09-23 17:08:51] Monitor reconectado. Recuperando: split
[2026-09-23 17:08:51] Falha na recuperação; nova tentativa em breve
[2026-09-23 17:08:56] Monitor reconectado. Recuperando: split
[2026-09-23 17:08:56] Falha na recuperação; nova tentativa em breve
[2026-09-23 17:09:01] Monitor reconectado. Recuperando: split
[2026-09-23 17:09:01] Falha na recuperação; nova tentativa em breve
[2026-09-23 17:09:06] Monitor reconectado. Recuperando: split
[2026-09-23 17:09:06] Falha na recuperação; nova tentativa em breve
[2026-09-23 17:09:11] Monitor reconectado. Recuperando: split
[2026-09-23 17:09:11] Falha na recuperação; nova tentativa em breve
[2026-09-23 17:09:16] Monitor reconectado. Recuperando: split
[2026-09-23 17:09:16] Falha na recuperação; nova tentativa em breve
[2026-09-23 17:09:21] Monitor reconectado. Recuperando: split
No monitor named 'FULL'
output list HDMI-A-0
add monitor HDMI-A-0
output name HDMI-A-0
[2026-09-23 17:09:22] Falha na recuperação; nova tentativa em breve
[2026-09-23 17:09:27] Monitor reconectado. Recuperando: split
[2026-09-23 17:09:27] Falha na recuperação; nova tentativa em breve
[2026-09-23 17:09:32] Monitor reconectado. Recuperando: split
[2026-09-23 17:09:32] Falha na recuperação; nova tentativa em breve
[2026-09-23 17:09:37] Monitor reconectado. Recuperando: split
[2026-09-23 17:09:37] Falha na recuperação; nova tentativa em breve
[2026-09-23 17:09:42] Monitor reconectado. Recuperando: split
[2026-09-23 17:09:42] Falha na recuperação; nova tentativa em breve
[2026-09-23 17:09:47] Monitor reconectado. Recuperando: split
[2026-09-23 17:09:47] Falha na recuperação; nova tentativa em breve
[2026-09-23 17:09:52] Monitor reconectado. Recuperando: split
[2026-09-23 17:09:53] Falha na recuperação; nova tentativa em breve
[2026-09-23 17:09:58] Monitor reconectado. Recuperando: split
[2026-09-23 17:09:58] Falha na recuperação; nova tentativa em breve
[2026-09-23 17:10:03] Monitor reconectado. Recuperando: split
[2026-09-23 17:10:03] Falha na recuperação; nova tentativa em breve
[2026-09-23 17:10:08] Monitor reconectado. Recuperando: split
[2026-09-23 17:10:08] Falha na recuperação; nova tentativa em breve
[2026-09-23 17:10:13] Monitor reconectado. Recuperando: split
[2026-09-23 17:10:13] Falha na recuperação; nova tentativa em breve
[2026-09-23 17:10:18] Monitor reconectado. Recuperando: split
[2026-09-23 17:10:18] Falha na recuperação; nova tentativa em breve
[2026-09-23 17:10:23] Monitor reconectado. Recuperando: split
[2026-09-23 17:10:23] Falha na recuperação; nova tentativa em breve
[2026-09-23 17:10:28] Monitor reconectado. Recuperando: split
[2026-09-23 17:10:28] Falha na recuperação; nova tentativa em breve
[2026-09-23 17:10:33] Monitor reconectado. Recuperando: split
[2026-09-23 17:10:34] Falha na recuperação; nova tentativa em breve
[2026-09-23 17:10:39] Monitor reconectado. Recuperando: split
[2026-09-23 17:10:39] Falha na recuperação; nova tentativa em breve
[2026-09-23 17:10:44] Monitor reconectado. Recuperando: split
[2026-09-23 17:10:44] Falha na recuperação; nova tentativa em breve
[2026-09-23 17:10:49] Monitor reconectado. Recuperando: split
[2026-09-23 17:10:49] Falha na recuperação; nova tentativa em breve
[2026-09-23 17:10:54] Monitor reconectado. Recuperando: split
No monitor named 'FULL'
output list HDMI-A-0
add monitor HDMI-A-0
output name HDMI-A-0
[2026-09-23 17:10:54] Falha na recuperação; nova tentativa em breve
[2026-09-23 17:10:59] Monitor reconectado. Recuperando: split
[2026-09-23 17:10:59] Falha na recuperação; nova tentativa em breve
[2026-09-23 17:11:05] Monitor reconectado. Recuperando: split
[2026-09-23 17:11:05] Falha na recuperação; nova tentativa em breve
[2026-09-23 17:11:10] Monitor reconectado. Recuperando: split
No monitor named 'FULL'
output list HDMI-A-0
add monitor HDMI-A-0
output name HDMI-A-0
[2026-09-23 17:11:10] Falha na recuperação; nova tentativa em breve
[2026-09-23 17:11:15] Monitor reconectado. Recuperando: split
[2026-09-23 17:11:15] Falha na recuperação; nova tentativa em breve
[2026-09-23 17:11:20] Monitor reconectado. Recuperando: split
[2026-09-23 17:11:20] Falha na recuperação; nova tentativa em breve
[2026-09-23 17:11:25] Monitor reconectado. Recuperando: split
[2026-09-23 17:11:25] Falha na recuperação; nova tentativa em breve
[2026-09-23 17:11:30] Monitor reconectado. Recuperando: split
[2026-09-23 17:11:31] Falha na recuperação; nova tentativa em breve
[2026-09-23 17:11:36] Monitor reconectado. Recuperando: split
[2026-09-23 17:11:36] Falha na recuperação; nova tentativa em breve
[2026-09-23 17:11:41] Monitor reconectado. Recuperando: split
[2026-09-23 17:11:41] Falha na recuperação; nova tentativa em breve
[2026-09-23 17:11:46] Monitor reconectado. Recuperando: split
[2026-09-23 17:11:46] Falha na recuperação; nova tentativa em breve
[2026-09-23 17:11:51] Monitor reconectado. Recuperando: split
[2026-09-23 17:11:51] Falha na recuperação; nova tentativa em breve
[2026-09-23 17:11:56] Monitor reconectado. Recuperando: split
[2026-09-23 17:11:56] Falha na recuperação; nova tentativa em breve
[2026-09-23 17:12:01] Monitor reconectado. Recuperando: split
[2026-09-23 17:12:01] Falha na recuperação; nova tentativa em breve
[2026-09-23 17:12:06] Monitor reconectado. Recuperando: split
[2026-09-23 17:12:06] Falha na recuperação; nova tentativa em breve
[2026-09-23 17:12:11] Monitor reconectado. Recuperando: split
[2026-09-23 17:12:12] Falha na recuperação; nova tentativa em breve
[2026-09-23 17:12:17] Monitor reconectado. Recuperando: split
[2026-09-23 17:12:17] Falha na recuperação; nova tentativa em breve
[2026-09-23 17:12:22] Monitor reconectado. Recuperando: split
No monitor named 'FULL'
output list HDMI-A-0
add monitor HDMI-A-0
output name HDMI-A-0
[2026-09-23 17:12:22] Falha na recuperação; nova tentativa em breve
[2026-09-23 17:12:27] Monitor reconectado. Recuperando: split
No monitor named 'FULL'
output list HDMI-A-0
add monitor HDMI-A-0
output name HDMI-A-0
[2026-09-23 17:12:27] Falha na recuperação; nova tentativa em breve
[2026-09-23 17:12:32] Monitor reconectado. Recuperando: split
[2026-09-23 17:12:33] Falha na recuperação; nova tentativa em breve
[2026-09-23 17:12:38] Monitor reconectado. Recuperando: split
[2026-09-23 17:12:38] Falha na recuperação; nova tentativa em breve
[2026-09-23 17:12:43] Monitor reconectado. Recuperando: split
[2026-09-23 17:12:43] Falha na recuperação; nova tentativa em breve
[2026-09-23 17:12:48] Monitor reconectado. Recuperando: split
[2026-09-23 17:12:48] Falha na recuperação; nova tentativa em breve
[2026-09-23 17:12:53] Monitor reconectado. Recuperando: split
[2026-09-23 17:12:53] Falha na recuperação; nova tentativa em breve
[2026-09-23 17:12:58] Monitor reconectado. Recuperando: split
[2026-09-23 17:12:58] Falha na recuperação; nova tentativa em breve
[2026-09-23 17:13:03] Monitor reconectado. Recuperando: split
[2026-09-23 17:13:03] Falha na recuperação; nova tentativa em breve
[2026-09-23 17:13:08] Monitor reconectado. Recuperando: split
No monitor named 'FULL'
output list HDMI-A-0
add monitor HDMI-A-0
output name HDMI-A-0
[2026-09-23 17:13:09] Falha na recuperação; nova tentativa em breve
[2026-09-23 17:13:14] Monitor reconectado. Recuperando: split
No monitor named 'FULL'
output list HDMI-A-0
add monitor HDMI-A-0
output name HDMI-A-0
[2026-09-23 17:13:14] Falha na recuperação; nova tentativa em breve
[2026-09-23 17:13:19] Monitor reconectado. Recuperando: split
[2026-09-23 17:13:19] Falha na recuperação; nova tentativa em breve
[2026-09-23 17:13:24] Monitor reconectado. Recuperando: split
[2026-09-23 17:13:24] Falha na recuperação; nova tentativa em breve
[2026-09-23 17:13:29] Monitor reconectado. Recuperando: split
[2026-09-23 17:13:29] Falha na recuperação; nova tentativa em breve
[2026-09-23 17:13:35] Monitor reconectado. Recuperando: split
[2026-09-23 17:13:35] Falha na recuperação; nova tentativa em breve
[2026-09-23 17:13:40] Monitor reconectado. Recuperando: split
[2026-09-23 17:13:40] Falha na recuperação; nova tentativa em breve
[2026-09-23 17:13:45] Monitor reconectado. Recuperando: split
[2026-09-23 17:13:45] Falha na recuperação; nova tentativa em breve
[2026-09-23 17:13:50] Monitor reconectado. Recuperando: split
[2026-09-23 17:13:50] Falha na recuperação; nova tentativa em breve
[2026-09-23 17:13:55] Monitor reconectado. Recuperando: split
[2026-09-23 17:13:55] Falha na recuperação; nova tentativa em breve
[2026-09-23 17:14:00] Monitor reconectado. Recuperando: split
[2026-09-23 17:14:00] Falha na recuperação; nova tentativa em breve
[2026-09-23 17:14:05] Monitor reconectado. Recuperando: split
[2026-09-23 17:14:05] Falha na recuperação; nova tentativa em breve
[2026-09-23 17:14:10] Monitor reconectado. Recuperando: split
[2026-09-23 17:14:11] Falha na recuperação; nova tentativa em breve
[2026-09-23 17:14:16] Monitor reconectado. Recuperando: split
[2026-09-23 17:14:16] Falha na recuperação; nova tentativa em breve
[2026-09-23 17:14:21] Monitor reconectado. Recuperando: split
[2026-09-23 17:14:21] Falha na recuperação; nova tentativa em breve
[2026-09-23 17:14:26] Monitor reconectado. Recuperando: split
[2026-09-23 17:14:26] Falha na recuperação; nova tentativa em breve
[2026-09-23 17:14:31] Monitor reconectado. Recuperando: split
[2026-09-23 17:14:31] Falha na recuperação; nova tentativa em breve
[2026-09-23 17:14:36] Monitor reconectado. Recuperando: split
[2026-09-23 17:14:37] Falha na recuperação; nova tentativa em breve
[2026-09-23 17:14:42] Monitor reconectado. Recuperando: split
[2026-09-23 17:14:42] Falha na recuperação; nova tentativa em breve
[2026-09-23 17:14:47] Monitor reconectado. Recuperando: split
[2026-09-23 17:14:47] Falha na recuperação; nova tentativa em breve
[2026-09-23 17:14:52] Monitor reconectado. Recuperando: split
[2026-09-23 17:14:52] Falha na recuperação; nova tentativa em breve
[2026-09-23 17:14:57] Monitor reconectado. Recuperando: split
No monitor named 'FULL'
output list HDMI-A-0
add monitor HDMI-A-0
output name HDMI-A-0
[2026-09-23 17:14:58] Falha na recuperação; nova tentativa em breve
[2026-09-23 17:15:03] Monitor reconectado. Recuperando: split
No monitor named 'FULL'
output list HDMI-A-0
add monitor HDMI-A-0
output name HDMI-A-0
[2026-09-23 17:15:03] Falha na recuperação; nova tentativa em breve
[2026-09-23 17:15:08] Monitor reconectado. Recuperando: split
[2026-09-23 17:15:08] Falha na recuperação; nova tentativa em breve
[2026-09-23 17:15:13] Monitor reconectado. Recuperando: split
[2026-09-23 17:15:13] Falha na recuperação; nova tentativa em breve
[2026-09-23 17:15:18] Monitor reconectado. Recuperando: split
[2026-09-23 17:15:18] Falha na recuperação; nova tentativa em breve
[2026-09-23 17:15:23] Monitor reconectado. Recuperando: split
[2026-09-23 17:15:23] Falha na recuperação; nova tentativa em breve
[2026-09-23 17:15:29] Monitor reconectado. Recuperando: split
[2026-09-23 17:15:29] Falha na recuperação; nova tentativa em breve
[2026-09-23 17:15:34] Monitor reconectado. Recuperando: split
[2026-09-23 17:15:34] Falha na recuperação; nova tentativa em breve
[2026-09-23 17:15:39] Monitor reconectado. Recuperando: split
[2026-09-23 17:15:39] Falha na recuperação; nova tentativa em breve
[2026-09-23 17:15:44] Monitor reconectado. Recuperando: split
[2026-09-23 17:15:44] Falha na recuperação; nova tentativa em breve
[2026-09-23 17:15:49] Monitor reconectado. Recuperando: split
[2026-09-23 17:15:49] Falha na recuperação; nova tentativa em breve
[2026-09-23 17:15:54] Monitor reconectado. Recuperando: split
[2026-09-23 17:15:54] Falha na recuperação; nova tentativa em breve
[2026-09-23 17:15:59] Monitor reconectado. Recuperando: split
[2026-09-23 17:15:59] Falha na recuperação; nova tentativa em breve
[2026-09-23 17:16:04] Monitor reconectado. Recuperando: split
[2026-09-23 17:16:05] Falha na recuperação; nova tentativa em breve
[2026-09-23 17:16:10] Monitor reconectado. Recuperando: split
No monitor named 'FULL'
output list HDMI-A-0
add monitor HDMI-A-0
output name HDMI-A-0
[2026-09-23 17:16:10] Falha na recuperação; nova tentativa em breve
[2026-09-23 17:16:15] Monitor reconectado. Recuperando: split
No monitor named 'FULL'
output list HDMI-A-0
add monitor HDMI-A-0
output name HDMI-A-0
[2026-09-23 17:16:15] Falha na recuperação; nova tentativa em breve
[2026-09-23 17:16:20] Monitor reconectado. Recuperando: split
[2026-09-23 17:16:20] Falha na recuperação; nova tentativa em breve
[2026-09-23 17:16:25] Monitor reconectado. Recuperando: split
No monitor named 'FULL'
output list HDMI-A-0
add monitor HDMI-A-0
output name HDMI-A-0
[2026-09-23 17:16:26] Falha na recuperação; nova tentativa em breve
[2026-09-23 17:16:31] Monitor reconectado. Recuperando: split
No monitor named 'FULL'
output list HDMI-A-0
add monitor HDMI-A-0
output name HDMI-A-0
[2026-09-23 17:16:31] Falha na recuperação; nova tentativa em breve
[2026-09-23 17:16:36] Monitor reconectado. Recuperando: split
No monitor named 'FULL'
output list HDMI-A-0
add monitor HDMI-A-0
output name HDMI-A-0
[2026-09-23 17:16:37] Falha na recuperação; nova tentativa em breve
[2026-09-23 17:16:42] Monitor reconectado. Recuperando: split
No monitor named 'FULL'
output list HDMI-A-0
add monitor HDMI-A-0
output name HDMI-A-0
[2026-09-23 17:16:43] Falha na recuperação; nova tentativa em breve
[2026-09-23 17:16:48] Monitor reconectado. Recuperando: split
[2026-09-23 17:16:48] Falha na recuperação; nova tentativa em breve
[2026-09-23 17:16:53] Monitor reconectado. Recuperando: split
[2026-09-23 17:16:53] Falha na recuperação; nova tentativa em breve
[2026-09-23 17:16:58] Monitor reconectado. Recuperando: split
[2026-09-23 17:16:58] Falha na recuperação; nova tentativa em breve
[2026-09-23 17:17:03] Monitor reconectado. Recuperando: split
[2026-09-23 17:17:03] Falha na recuperação; nova tentativa em breve
[2026-09-23 17:17:08] Monitor reconectado. Recuperando: split
[2026-09-23 17:17:08] Falha na recuperação; nova tentativa em breve
[2026-09-23 17:17:13] Monitor reconectado. Recuperando: split
[2026-09-23 17:17:13] Falha na recuperação; nova tentativa em breve
[2026-09-23 17:17:18] Monitor reconectado. Recuperando: split
[2026-09-23 17:17:19] Falha na recuperação; nova tentativa em breve
[2026-09-23 17:17:24] Monitor reconectado. Recuperando: split
[2026-09-23 17:17:24] Falha na recuperação; nova tentativa em breve
[2026-09-23 17:17:29] Monitor reconectado. Recuperando: split
[2026-09-23 17:17:29] Falha na recuperação; nova tentativa em breve
[2026-09-23 17:17:34] Monitor reconectado. Recuperando: split
[2026-09-23 17:17:34] Falha na recuperação; nova tentativa em breve
[2026-09-23 17:17:39] Monitor reconectado. Recuperando: split
[2026-09-23 17:17:39] Falha na recuperação; nova tentativa em breve
[2026-09-23 17:17:44] Monitor reconectado. Recuperando: split
[2026-09-23 17:17:44] Falha na recuperação; nova tentativa em breve
[2026-09-23 17:17:49] Monitor reconectado. Recuperando: split
[2026-09-23 17:17:49] Falha na recuperação; nova tentativa em breve
[2026-09-23 17:17:54] Monitor reconectado. Recuperando: split
[2026-09-23 17:17:54] Falha na recuperação; nova tentativa em breve
[2026-09-23 17:17:59] Monitor reconectado. Recuperando: split
[2026-09-23 17:18:00] Falha na recuperação; nova tentativa em breve
[2026-09-23 17:18:05] Monitor reconectado. Recuperando: split
[2026-09-23 17:18:05] Falha na recuperação; nova tentativa em breve
[2026-09-23 17:18:10] Monitor reconectado. Recuperando: split
No monitor named 'FULL'
output list HDMI-A-0
add monitor HDMI-A-0
output name HDMI-A-0
[2026-09-23 17:18:10] Falha na recuperação; nova tentativa em breve
[2026-09-23 17:18:15] Monitor reconectado. Recuperando: split
[2026-09-23 17:18:15] Falha na recuperação; nova tentativa em breve
[2026-09-23 17:18:20] Monitor reconectado. Recuperando: split
No monitor named 'FULL'
output list HDMI-A-0
add monitor HDMI-A-0
output name HDMI-A-0
[2026-09-23 17:18:21] Falha na recuperação; nova tentativa em breve
[2026-09-23 17:18:26] Monitor reconectado. Recuperando: split
[2026-09-23 17:18:26] Falha na recuperação; nova tentativa em breve
[2026-09-23 17:18:31] Monitor reconectado. Recuperando: split
[2026-09-23 17:18:31] Falha na recuperação; nova tentativa em breve
[2026-09-23 17:18:36] Monitor reconectado. Recuperando: split
[2026-09-23 17:18:36] Falha na recuperação; nova tentativa em breve
[2026-09-23 17:18:41] Monitor reconectado. Recuperando: split
[2026-09-23 17:18:41] Falha na recuperação; nova tentativa em breve
[2026-09-23 17:18:46] Monitor reconectado. Recuperando: split
[2026-09-23 17:18:46] Falha na recuperação; nova tentativa em breve
[2026-09-23 17:18:51] Monitor reconectado. Recuperando: split
[2026-09-23 17:18:51] Falha na recuperação; nova tentativa em breve
[2026-09-23 17:18:56] Monitor reconectado. Recuperando: split
[2026-09-23 17:18:56] Falha na recuperação; nova tentativa em breve
[2026-09-23 17:19:01] Monitor reconectado. Recuperando: split
[2026-09-23 17:19:02] Falha na recuperação; nova tentativa em breve
[2026-09-23 17:19:07] Monitor reconectado. Recuperando: split
[2026-09-23 17:19:07] Falha na recuperação; nova tentativa em breve
[2026-09-23 17:19:12] Monitor reconectado. Recuperando: split
[2026-09-23 17:19:12] Falha na recuperação; nova tentativa em breve
[2026-09-23 17:19:17] Monitor reconectado. Recuperando: split
[2026-09-23 17:19:17] Falha na recuperação; nova tentativa em breve
[2026-09-23 17:19:22] Monitor reconectado. Recuperando: split
No monitor named 'FULL'
output list HDMI-A-0
add monitor HDMI-A-0
output name HDMI-A-0
[2026-09-23 17:19:22] Falha na recuperação; nova tentativa em breve
[2026-09-23 17:19:27] Monitor reconectado. Recuperando: split
No monitor named 'FULL'
output list HDMI-A-0
add monitor HDMI-A-0
output name HDMI-A-0
[2026-09-23 17:19:28] Falha na recuperação; nova tentativa em breve
[2026-09-23 17:19:33] Monitor reconectado. Recuperando: split
[2026-09-23 17:19:33] Falha na recuperação; nova tentativa em breve
[2026-09-23 17:19:38] Monitor reconectado. Recuperando: split
[2026-09-23 17:19:38] Falha na recuperação; nova tentativa em breve
[2026-09-23 17:19:43] Monitor reconectado. Recuperando: split
[2026-09-23 17:19:43] Falha na recuperação; nova tentativa em breve
[2026-09-23 17:19:48] Monitor reconectado. Recuperando: split
[2026-09-23 17:19:48] Falha na recuperação; nova tentativa em breve
[2026-09-23 17:19:53] Monitor reconectado. Recuperando: split
[2026-09-23 17:19:53] Falha na recuperação; nova tentativa em breve
[2026-09-23 17:19:58] Monitor reconectado. Recuperando: split
[2026-09-23 17:19:58] Falha na recuperação; nova tentativa em breve
[2026-09-23 17:20:04] Monitor reconectado. Recuperando: split
[2026-09-23 17:20:04] Falha na recuperação; nova tentativa em breve
[2026-09-23 17:20:09] Monitor reconectado. Recuperando: split
[2026-09-23 17:20:09] Falha na recuperação; nova tentativa em breve
[2026-09-23 17:20:14] Monitor reconectado. Recuperando: split
[2026-09-23 17:20:14] Falha na recuperação; nova tentativa em breve
[2026-09-23 17:20:19] Monitor reconectado. Recuperando: split
[2026-09-23 17:20:19] Falha na recuperação; nova tentativa em breve
[2026-09-23 17:20:24] Monitor reconectado. Recuperando: split
[2026-09-23 17:20:24] Falha na recuperação; nova tentativa em breve
[2026-09-23 17:20:29] Monitor reconectado. Recuperando: split
[2026-09-23 17:20:29] Falha na recuperação; nova tentativa em breve
[2026-09-23 17:20:34] Monitor reconectado. Recuperando: split
[2026-09-23 17:20:34] Falha na recuperação; nova tentativa em breve
[2026-09-23 17:20:39] Monitor reconectado. Recuperando: split
[2026-09-23 17:20:39] Falha na recuperação; nova tentativa em breve
[2026-09-23 17:20:45] Monitor reconectado. Recuperando: split
[2026-09-23 17:20:45] Falha na recuperação; nova tentativa em breve
[2026-09-23 17:20:50] Monitor reconectado. Recuperando: split
[2026-09-23 17:20:50] Falha na recuperação; nova tentativa em breve
[2026-09-23 17:20:55] Monitor reconectado. Recuperando: split
[2026-09-23 17:20:55] Falha na recuperação; nova tentativa em breve
[2026-09-23 17:21:00] Monitor reconectado. Recuperando: split
[2026-09-23 17:21:00] Falha na recuperação; nova tentativa em breve
[2026-09-23 17:21:05] Monitor reconectado. Recuperando: split
[2026-09-23 17:21:05] Falha na recuperação; nova tentativa em breve
[2026-09-23 17:21:10] Monitor reconectado. Recuperando: split
[2026-09-23 17:21:10] Falha na recuperação; nova tentativa em breve
[2026-09-23 17:21:15] Monitor reconectado. Recuperando: split
[2026-09-23 17:21:15] Falha na recuperação; nova tentativa em breve
[2026-09-23 17:21:20] Monitor reconectado. Recuperando: split
[2026-09-23 17:21:20] Falha na recuperação; nova tentativa em breve
[2026-09-23 17:21:26] Monitor reconectado. Recuperando: split
[2026-09-23 17:21:26] Falha na recuperação; nova tentativa em breve
[2026-09-23 17:21:31] Monitor reconectado. Recuperando: split
[2026-09-23 17:21:31] Falha na recuperação; nova tentativa em breve
[2026-09-23 17:21:36] Monitor reconectado. Recuperando: split
[2026-09-23 17:21:36] Falha na recuperação; nova tentativa em breve
[2026-09-23 17:21:41] Monitor reconectado. Recuperando: split
[2026-09-23 17:21:41] Falha na recuperação; nova tentativa em breve
[2026-09-23 17:21:46] Monitor reconectado. Recuperando: split
[2026-09-23 17:21:46] Falha na recuperação; nova tentativa em breve
[2026-09-23 17:21:51] Monitor reconectado. Recuperando: split
[2026-09-23 17:21:51] Falha na recuperação; nova tentativa em breve
[2026-09-23 17:21:56] Monitor reconectado. Recuperando: split
[2026-09-23 17:21:56] Falha na recuperação; nova tentativa em breve
[2026-09-23 17:22:01] Monitor reconectado. Recuperando: split
[2026-09-23 17:22:01] Falha na recuperação; nova tentativa em breve
[2026-09-23 17:22:07] Monitor reconectado. Recuperando: split
[2026-09-23 17:22:07] Falha na recuperação; nova tentativa em breve
[2026-09-23 17:22:12] Monitor reconectado. Recuperando: split
[2026-09-23 17:22:12] Falha na recuperação; nova tentativa em breve
[2026-09-23 17:22:17] Monitor reconectado. Recuperando: split
[2026-09-23 17:22:17] Falha na recuperação; nova tentativa em breve
[2026-09-23 17:22:22] Monitor reconectado. Recuperando: split
No monitor named 'FULL'
output list HDMI-A-0
add monitor HDMI-A-0
output name HDMI-A-0
[2026-09-23 17:22:22] Falha na recuperação; nova tentativa em breve
[2026-09-23 17:22:27] Monitor reconectado. Recuperando: split
[2026-09-23 17:22:27] Falha na recuperação; nova tentativa em breve
[2026-09-23 17:22:32] Monitor reconectado. Recuperando: split
[2026-09-23 17:22:33] Falha na recuperação; nova tentativa em breve
[2026-09-23 17:22:38] Monitor reconectado. Recuperando: split
[2026-09-23 17:22:38] Falha na recuperação; nova tentativa em breve
[2026-09-23 17:22:43] Monitor reconectado. Recuperando: split
[2026-09-23 17:22:43] Falha na recuperação; nova tentativa em breve
[2026-09-23 17:22:48] Monitor reconectado. Recuperando: split
[2026-09-23 17:22:48] Falha na recuperação; nova tentativa em breve
[2026-09-23 17:22:53] Monitor reconectado. Recuperando: split
[2026-09-23 17:22:53] Falha na recuperação; nova tentativa em breve
[2026-09-23 17:22:58] Monitor reconectado. Recuperando: split
[2026-09-23 17:22:58] Falha na recuperação; nova tentativa em breve
[2026-09-23 17:23:03] Monitor reconectado. Recuperando: split
[2026-09-23 17:23:03] Falha na recuperação; nova tentativa em breve
[2026-09-23 17:23:08] Monitor reconectado. Recuperando: split
[2026-09-23 17:23:08] Falha na recuperação; nova tentativa em breve
[2026-09-23 17:23:13] Monitor reconectado. Recuperando: split
[2026-09-23 17:23:14] Falha na recuperação; nova tentativa em breve
[2026-09-23 17:23:19] Monitor reconectado. Recuperando: split
[2026-09-23 17:23:19] Falha na recuperação; nova tentativa em breve
[2026-09-23 17:23:24] Monitor reconectado. Recuperando: split
[2026-09-23 17:23:24] Falha na recuperação; nova tentativa em breve
[2026-09-23 17:23:29] Monitor reconectado. Recuperando: split
[2026-09-23 17:23:29] Falha na recuperação; nova tentativa em breve
[2026-09-23 17:23:34] Monitor reconectado. Recuperando: split
[2026-09-23 17:23:34] Falha na recuperação; nova tentativa em breve
[2026-09-23 17:23:39] Monitor reconectado. Recuperando: split
[2026-09-23 17:23:39] Falha na recuperação; nova tentativa em breve
[2026-09-23 17:23:44] Monitor reconectado. Recuperando: split
[2026-09-23 17:23:44] Falha na recuperação; nova tentativa em breve
[2026-09-23 17:23:49] Monitor reconectado. Recuperando: split
[2026-09-23 17:23:49] Falha na recuperação; nova tentativa em breve
[2026-09-23 17:23:54] Monitor reconectado. Recuperando: split
[2026-09-23 17:23:55] Falha na recuperação; nova tentativa em breve
[2026-09-23 17:24:00] Monitor reconectado. Recuperando: split
[2026-09-23 17:24:00] Falha na recuperação; nova tentativa em breve
[2026-09-23 17:24:05] Monitor reconectado. Recuperando: split
[2026-09-23 17:24:05] Falha na recuperação; nova tentativa em breve
[2026-09-23 17:24:10] Monitor reconectado. Recuperando: split
[2026-09-23 17:24:10] Falha na recuperação; nova tentativa em breve
[2026-09-23 17:24:15] Monitor reconectado. Recuperando: split
[2026-09-23 17:24:15] Falha na recuperação; nova tentativa em breve
[2026-09-23 17:24:20] Monitor reconectado. Recuperando: split
[2026-09-23 17:24:20] Falha na recuperação; nova tentativa em breve
[2026-09-23 17:24:25] Monitor reconectado. Recuperando: split
[2026-09-23 17:24:25] Falha na recuperação; nova tentativa em breve
[2026-09-23 17:24:30] Monitor reconectado. Recuperando: split
[2026-09-23 17:24:30] Falha na recuperação; nova tentativa em breve
[2026-09-23 17:24:35] Monitor reconectado. Recuperando: split
[2026-09-23 17:24:36] Falha na recuperação; nova tentativa em breve
[2026-09-23 17:24:41] Monitor reconectado. Recuperando: split
[2026-09-23 17:24:41] Falha na recuperação; nova tentativa em breve
[2026-09-23 17:24:46] Monitor reconectado. Recuperando: split
[2026-09-23 17:24:46] Falha na recuperação; nova tentativa em breve
[2026-09-23 17:24:51] Monitor reconectado. Recuperando: split
[2026-09-23 17:24:51] Falha na recuperação; nova tentativa em breve
